// Jest Snapshot v1, https://goo.gl/fbAQLP

exports[`renders correctly 1`] = `
<div>
  <div
    className="Race"
    data-test="race"
    onClick={[Function]}
    role="link"
    tabIndex="0"
  >
    <StatusIcon
      iconClass="fa-check"
      status="passed"
    />
    <div
      className="img-container"
    >
      <img
        alt="flag of AUS"
        src="http://foo.bar"
      />
    </div>
    <p
      className="country-code"
    >
      AUS
    </p>
    <p
      className="score"
    >
      50pt
    </p>
  </div>
</div>
`;
