// Jest Snapshot v1, https://goo.gl/fbAQLP

exports[`Login renders correctly 1`] = `
<div
  className="login"
>
  <h1>
    F1 Hero
  </h1>
  <p>
    be number 1 in formula 1 world
  </p>
  <a
    className="btn"
    href="/auth/twitter"
  >
    Login 
    <i
      aria-hidden="true"
      className="fa fa-twitter"
    />
  </a>
</div>
`;
