// Jest Snapshot v1, https://goo.gl/fbAQLP

exports[`Login renders correctly 1`] = `
ShallowWrapper {
  "complexSelector": ComplexSelector {
    "buildPredicate": [Function],
    "childrenOfNode": [Function],
    "findWhereUnwrapped": [Function],
  },
  "length": 1,
  "node": <div
    className="login"
  >
    <h1>
      F1 Hero
    </h1>
    <p>
      be number 1 in formula 1 world
    </p>
    <a
      className="btn"
      href="/auth/twitter"
    >
      Login 
      <i
        aria-hidden="true"
        className="fa fa-twitter"
      />
    </a>
  </div>,
  "nodes": Array [
    <div
      className="login"
    >
      <h1>
        F1 Hero
      </h1>
      <p>
        be number 1 in formula 1 world
      </p>
      <a
        className="btn"
        href="/auth/twitter"
      >
        Login 
        <i
          aria-hidden="true"
          className="fa fa-twitter"
        />
      </a>
    </div>,
  ],
  "options": Object {},
  "renderer": ReactShallowRenderer {
    "_instance": ShallowComponentWrapper {
      "_calledComponentWillUnmount": false,
      "_compositeType": 2,
      "_context": Object {},
      "_currentElement": <Login />,
      "_debugID": 1,
      "_hostContainerInfo": null,
      "_hostParent": null,
      "_instance": StatelessComponent {
        "_reactInternalInstance": [Circular],
        "context": Object {},
        "props": Object {},
        "refs": Object {},
        "state": null,
        "updater": Object {
          "enqueueCallback": [Function],
          "enqueueCallbackInternal": [Function],
          "enqueueElementInternal": [Function],
          "enqueueForceUpdate": [Function],
          "enqueueReplaceState": [Function],
          "enqueueSetState": [Function],
          "isMounted": [Function],
          "validateCallback": [Function],
        },
      },
      "_mountOrder": 1,
      "_pendingCallbacks": null,
      "_pendingElement": null,
      "_pendingForceUpdate": false,
      "_pendingReplaceState": false,
      "_pendingStateQueue": null,
      "_renderedComponent": NoopInternalComponent {
        "_currentElement": <div
          className="login"
        >
          <h1>
            F1 Hero
          </h1>
          <p>
            be number 1 in formula 1 world
          </p>
          <a
            className="btn"
            href="/auth/twitter"
          >
            Login 
            <i
              aria-hidden="true"
              className="fa fa-twitter"
            />
          </a>
        </div>,
        "_debugID": 2,
        "_renderedOutput": <div
          className="login"
        >
          <h1>
            F1 Hero
          </h1>
          <p>
            be number 1 in formula 1 world
          </p>
          <a
            className="btn"
            href="/auth/twitter"
          >
            Login 
            <i
              aria-hidden="true"
              className="fa fa-twitter"
            />
          </a>
        </div>,
      },
      "_renderedNodeType": 0,
      "_rootNodeID": 0,
      "_topLevelWrapper": null,
      "_updateBatchNumber": null,
      "_warnedAboutRefsInRender": false,
    },
    "getRenderOutput": [Function],
    "render": [Function],
  },
  "root": [Circular],
  "unrendered": <Login />,
}
`;
