// Jest Snapshot v1, https://goo.gl/fbAQLP

exports[`dispatches "drivers/UPDATE_DRIVER_LIST" action with correct drivers 1`] = `
Object {
  "payload": Array [
    Object {
      "code": "VET",
      "name": "S. Vettel",
    },
    Object {
      "code": "RIC",
      "name": "D. Riccardo",
    },
  ],
  "type": "drivers/UPDATE_DRIVER_LIST",
}
`;
