// Jest Snapshot v1, https://goo.gl/fbAQLP

exports[`GET /api/drivers should fetch all drivers 1`] = `
Array [
  Object {
    "code": "VET",
    "name": "S. Vettel",
  },
  Object {
    "code": "RIC",
    "name": "D. Ricciardo",
  },
  Object {
    "code": "VAN",
    "name": "S. Vandoorne",
  },
]
`;
